Archive member included because of file (symbol)

c:/program files/eclipsearm/sourcery-g++-lite-arm-2011.03/bin/../lib/gcc/arm-none-eabi/4.5.2\libgcc.a(_divsi3.o)
                              ./common/44blib.o (__aeabi_idiv)
c:/program files/eclipsearm/sourcery-g++-lite-arm-2011.03/bin/../lib/gcc/arm-none-eabi/4.5.2\libgcc.a(_dvmd_tls.o)
                              c:/program files/eclipsearm/sourcery-g++-lite-arm-2011.03/bin/../lib/gcc/arm-none-eabi/4.5.2\libgcc.a(_divsi3.o) (__aeabi_idiv0)

Allocating common symbols
Common symbol       size              file

cOriginal           0x120             ./sudoku_2015.o
cAux                0x120             ./sudoku_2015.o
led_state           0x4               ./led.o
fileSize            0x4               ./common/44blib.o
fila                0x4               ./gestorSudoku.o
botonPulsado        0x4               ./gestorRebotes.o
columna             0x4               ./gestorSudoku.o
downPt              0x4               ./common/44blib.o

Memory Configuration

Name             Origin             Length             Attributes
*default*        0x00000000         0xffffffff

Linker script and memory map

LOAD ./common/44binit.o
LOAD ./common/44blib.o
LOAD ./8led.o
LOAD ./button.o
LOAD ./data_abort_test.o
LOAD ./gestionExcepciones.o
LOAD ./gestorRebotes.o
LOAD ./gestorSudoku.o
LOAD ./led.o
LOAD ./listaCircularEstatica.o
LOAD ./main.o
LOAD ./pilaDepuracion.o
LOAD ./sudoku_2015.o
LOAD ./sudoku_2015_ARM-THUMB.o
LOAD ./sudoku_2015_ARM.o
LOAD ./timer2.o
START GROUP
LOAD c:/program files/eclipsearm/sourcery-g++-lite-arm-2011.03/bin/../lib/gcc/arm-none-eabi/4.5.2\libgcc.a
LOAD c:/program files/eclipsearm/sourcery-g++-lite-arm-2011.03/bin/../lib/gcc/arm-none-eabi/4.5.2/../../../../arm-none-eabi/lib\libc.a
END GROUP
                0x0c000000                . = 0xc000000
                0x0c000000                Image_RO_Base = .

.text           0x0c000000     0x2d60
 *(.text)
 .text          0x0c000000      0x70c ./common/44binit.o
 .text          0x0c00070c      0x46c ./common/44blib.o
                0x0c00070c                Delay
                0x0c000844                DelayMs
                0x0c0008a8                Port_Init
                0x0c000a38                malloc
                0x0c000ad8                free
                0x0c000b08                sys_init
 .text          0x0c000b78       0x78 ./8led.o
                0x0c000b78                D8Led_init
                0x0c000b9c                D8Led_symbol
 .text          0x0c000bf0      0x190 ./button.o
                0x0c000bf0                Eint4567_init
                0x0c000cb8                Eint4567_ISR
 .text          0x0c000d80       0x1c ./data_abort_test.o
                0x0c000d80                Data_abort_test
 .text          0x0c000d9c      0x12c ./gestionExcepciones.o
                0x0c000d9c                gestionGlobal
                0x0c000e20                avisoExcepcion
                0x0c000e7c                init_excep
 .text          0x0c000ec8      0x300 ./gestorRebotes.o
                0x0c000ec8                timer0_ISR
                0x0c0010a4                gestionarRebotesPulsacion
                0x0c0010f8                timer0_init
 .text          0x0c0011c8      0x2d4 ./gestorSudoku.o
                0x0c0011c8                gestionarSudoku
 .text          0x0c00149c      0x23c ./led.o
                0x0c00149c                leds_on
                0x0c0014bc                leds_off
                0x0c0014dc                led1_on
                0x0c00151c                led1_off
                0x0c00155c                led2_on
                0x0c00159c                led2_off
                0x0c0015dc                leds_switch
                0x0c00161c                Led_Display
 .text          0x0c0016d8      0x11c ./listaCircularEstatica.o
                0x0c0016d8                anadirElemento
 .text          0x0c0017f4       0x28 ./main.o
                0x0c0017f4                Main
 .text          0x0c00181c       0x40 ./pilaDepuracion.o
                0x0c00181c                push_debug
 .text          0x0c00185c      0xd40 ./sudoku_2015.o
                0x0c00185c                celda_poner_valor
                0x0c0018d0                celda_leer_valor
                0x0c00190c                sudoku_candidatos_c
                0x0c001e20                sudoku_recalcular_c
                0x0c001efc                sudoku_recalcular_c_arm
                0x0c001fc8                sudoku_recalcular_c_thumb
                0x0c002094                validar
                0x0c002168                reiniciar_tablero
                0x0c002214                iniciarArmThumb
                0x0c002238                insertValor
                0x0c0022d4                sudoku9x9
 .text          0x0c00259c      0x204 ./sudoku_2015_ARM-THUMB.o
                0x0c00259c                sudoku_recalcular_arm_thumb
                0x0c002630                sudoku_candidatos_thumb
 .text          0x0c0027a0      0x2b8 ./sudoku_2015_ARM.o
                0x0c0027a0                sudoku_recalcular_arm
                0x0c00282c                sudoku_recalcular_arm_c
                0x0c0028ac                sudoku_candidatos_arm
 .text          0x0c002a58      0x1bc ./timer2.o
                0x0c002a58                timer_ISR2
                0x0c002aa8                Timer2_Inicializar
                0x0c002b74                Timer2_Empezar
                0x0c002b9c                Timer2_Leer
 .text          0x0c002c14      0x148 c:/program files/eclipsearm/sourcery-g++-lite-arm-2011.03/bin/../lib/gcc/arm-none-eabi/4.5.2\libgcc.a(_divsi3.o)
                0x0c002c14                __divsi3
                0x0c002c14                __aeabi_idiv
                0x0c002d3c                __aeabi_idivmod
 .text          0x0c002d5c        0x4 c:/program files/eclipsearm/sourcery-g++-lite-arm-2011.03/bin/../lib/gcc/arm-none-eabi/4.5.2\libgcc.a(_dvmd_tls.o)
                0x0c002d5c                __aeabi_idiv0
                0x0c002d5c                __aeabi_ldiv0
                0x0c002d60                Image_RO_Limit = .
                0x0c002d60                Image_RW_Base = .

.glue_7         0x0c002d60        0x0
 .glue_7        0x00000000        0x0 linker stubs

.glue_7t        0x0c002d60        0x0
 .glue_7t       0x00000000        0x0 linker stubs

.vfp11_veneer   0x0c002d60        0x0
 .vfp11_veneer  0x00000000        0x0 linker stubs

.v4_bx          0x0c002d60        0x0
 .v4_bx         0x00000000        0x0 linker stubs

.data           0x0c002d60      0x1b0
 *(.data)
 .data          0x0c002d60        0x6 ./common/44binit.o
                0x0c002d60                BDRAMTYPE
 *fill*         0x0c002d66        0x2 00
 .data          0x0c002d68        0xc ./common/44blib.o
                0x0c002d68                mallocPt
                0x0c002d6c                run
 .data          0x0c002d74       0x44 ./8led.o
                0x0c002d74                Symbol
 .data          0x0c002db8        0x0 ./button.o
 .data          0x0c002db8        0x0 ./data_abort_test.o
 .data          0x0c002db8        0x4 ./gestionExcepciones.o
                0x0c002db8                NUM_ALERTAS
 .data          0x0c002dbc        0x8 ./gestorRebotes.o
                0x0c002dbc                tiempoAlPulsar_Soltar
                0x0c002dc0                tiempoSiguePulsado
 .data          0x0c002dc4        0x0 ./gestorSudoku.o
 .data          0x0c002dc4        0x0 ./led.o
 .data          0x0c002dc4        0x4 ./listaCircularEstatica.o
                0x0c002dc4                lista
 .data          0x0c002dc8        0x0 ./main.o
 .data          0x0c002dc8        0x0 ./pilaDepuracion.o
 *fill*         0x0c002dc8       0x18 00
 .data          0x0c002de0      0x120 ./sudoku_2015.o
                0x0c002de0                cuadricula
 .data          0x0c002f00        0x8 ./sudoku_2015_ARM-THUMB.o
 .data          0x0c002f08        0x8 ./sudoku_2015_ARM.o
 .data          0x0c002f10        0x0 ./timer2.o
 .data          0x0c002f10        0x0 c:/program files/eclipsearm/sourcery-g++-lite-arm-2011.03/bin/../lib/gcc/arm-none-eabi/4.5.2\libgcc.a(_divsi3.o)
 .data          0x0c002f10        0x0 c:/program files/eclipsearm/sourcery-g++-lite-arm-2011.03/bin/../lib/gcc/arm-none-eabi/4.5.2\libgcc.a(_dvmd_tls.o)

.rodata
 *(.rodata)
                0x0c002f10                Image_RW_Limit = .
                0x0c002f10                Image_ZI_Base = .

.bss            0x0c002f20      0x280
 *(.bss)
 .bss           0x0c002f20        0x0 ./common/44binit.o
 .bss           0x0c002f20        0x4 ./common/44blib.o
                0x0c002f20                restart
 .bss           0x0c002f24        0x0 ./8led.o
 .bss           0x0c002f24        0x0 ./button.o
 .bss           0x0c002f24        0x0 ./data_abort_test.o
 .bss           0x0c002f24        0x0 ./gestionExcepciones.o
 .bss           0x0c002f24        0xc ./gestorRebotes.o
                0x0c002f24                haLlegadoA500ms
                0x0c002f28                veces10ms
                0x0c002f2c                estado
 .bss           0x0c002f30        0x8 ./gestorSudoku.o
                0x0c002f30                estadoSudoku
                0x0c002f34                datoMostradoPorPantalla
 .bss           0x0c002f38        0x0 ./led.o
 .bss           0x0c002f38        0x4 ./listaCircularEstatica.o
 .bss           0x0c002f3c        0x0 ./main.o
 .bss           0x0c002f3c        0x0 ./pilaDepuracion.o
 .bss           0x0c002f3c        0x0 ./sudoku_2015.o
 .bss           0x0c002f3c        0x0 ./sudoku_2015_ARM-THUMB.o
 .bss           0x0c002f3c        0x0 ./sudoku_2015_ARM.o
 .bss           0x0c002f3c        0x4 ./timer2.o
                0x0c002f3c                timer2_num_int
 .bss           0x0c002f40        0x0 c:/program files/eclipsearm/sourcery-g++-lite-arm-2011.03/bin/../lib/gcc/arm-none-eabi/4.5.2\libgcc.a(_divsi3.o)
 .bss           0x0c002f40        0x0 c:/program files/eclipsearm/sourcery-g++-lite-arm-2011.03/bin/../lib/gcc/arm-none-eabi/4.5.2\libgcc.a(_dvmd_tls.o)
 COMMON         0x0c002f40        0x8 ./common/44blib.o
                0x0c002f40                fileSize
                0x0c002f44                downPt
 COMMON         0x0c002f48        0x4 ./gestorRebotes.o
                0x0c002f48                botonPulsado
 COMMON         0x0c002f4c        0x8 ./gestorSudoku.o
                0x0c002f4c                fila
                0x0c002f50                columna
 COMMON         0x0c002f54        0x4 ./led.o
                0x0c002f54                led_state
 *fill*         0x0c002f58        0x8 00
 COMMON         0x0c002f60      0x240 ./sudoku_2015.o
                0x0c002f60                cOriginal
                0x0c003080                cAux
                0x0c0031a0                Image_ZI_Limit = .
                0x0c0031a0                __bss_start__ = .
                0x0c0031a0                __bss_end__ = .
                0x0c0031a0                __EH_FRAME_BEGIN__ = .
                0x0c0031a0                __EH_FRAME_END__ = .
                0x0c0031a0                PROVIDE (__stack, .)
                0x0c0031a0                end = .
                0x0c0031a0                _end = .

.ARM.attributes
                0x00000000       0x2e
 .ARM.attributes
                0x00000000       0x22 ./common/44binit.o
 .ARM.attributes
                0x00000022       0x32 ./common/44blib.o
 .ARM.attributes
                0x00000054       0x32 ./8led.o
 .ARM.attributes
                0x00000086       0x32 ./button.o
 .ARM.attributes
                0x000000b8       0x22 ./data_abort_test.o
 .ARM.attributes
                0x000000da       0x32 ./gestionExcepciones.o
 .ARM.attributes
                0x0000010c       0x32 ./gestorRebotes.o
 .ARM.attributes
                0x0000013e       0x32 ./gestorSudoku.o
 .ARM.attributes
                0x00000170       0x32 ./led.o
 .ARM.attributes
                0x000001a2       0x32 ./listaCircularEstatica.o
 .ARM.attributes
                0x000001d4       0x32 ./main.o
 .ARM.attributes
                0x00000206       0x32 ./pilaDepuracion.o
 .ARM.attributes
                0x00000238       0x32 ./sudoku_2015.o
 .ARM.attributes
                0x0000026a       0x22 ./sudoku_2015_ARM-THUMB.o
 .ARM.attributes
                0x0000028c       0x22 ./sudoku_2015_ARM.o
 .ARM.attributes
                0x000002ae       0x32 ./timer2.o
 .ARM.attributes
                0x000002e0       0x1a c:/program files/eclipsearm/sourcery-g++-lite-arm-2011.03/bin/../lib/gcc/arm-none-eabi/4.5.2\libgcc.a(_divsi3.o)
 .ARM.attributes
                0x000002fa       0x18 c:/program files/eclipsearm/sourcery-g++-lite-arm-2011.03/bin/../lib/gcc/arm-none-eabi/4.5.2\libgcc.a(_dvmd_tls.o)

.comment        0x00000000       0x2a
 .comment       0x00000000       0x2a ./common/44blib.o
                                 0x2b (size before relaxing)
 .comment       0x00000000       0x2b ./8led.o
 .comment       0x00000000       0x2b ./button.o
 .comment       0x00000000       0x2b ./gestionExcepciones.o
 .comment       0x00000000       0x2b ./gestorRebotes.o
 .comment       0x00000000       0x2b ./gestorSudoku.o
 .comment       0x00000000       0x2b ./led.o
 .comment       0x00000000       0x2b ./listaCircularEstatica.o
 .comment       0x00000000       0x2b ./main.o
 .comment       0x00000000       0x2b ./pilaDepuracion.o
 .comment       0x00000000       0x2b ./sudoku_2015.o
 .comment       0x00000000       0x2b ./timer2.o

.debug_info     0x00000000     0x132d
 *(.debug_info)
 .debug_info    0x00000000       0x6a ./common/44binit.o
 .debug_info    0x0000006a      0x229 ./common/44blib.o
 .debug_info    0x00000293      0x11b ./8led.o
 .debug_info    0x000003ae       0xc0 ./button.o
 .debug_info    0x0000046e       0x6b ./data_abort_test.o
 .debug_info    0x000004d9      0x114 ./gestionExcepciones.o
 .debug_info    0x000005ed      0x1aa ./gestorRebotes.o
 .debug_info    0x00000797      0x11d ./gestorSudoku.o
 .debug_info    0x000008b4      0x104 ./led.o
 .debug_info    0x000009b8      0x13a ./listaCircularEstatica.o
 .debug_info    0x00000af2       0x8c ./main.o
 .debug_info    0x00000b7e       0xd1 ./pilaDepuracion.o
 .debug_info    0x00000c4f      0x4f2 ./sudoku_2015.o
 .debug_info    0x00001141       0x71 ./sudoku_2015_ARM-THUMB.o
 .debug_info    0x000011b2       0x6b ./sudoku_2015_ARM.o
 .debug_info    0x0000121d      0x110 ./timer2.o

.debug_line     0x00000000     0x1d3d
 *(.debug_line)
 .debug_line    0x00000000      0x10f ./common/44binit.o
 .debug_line    0x0000010f      0x3a7 ./common/44blib.o
 .debug_line    0x000004b6       0x93 ./8led.o
 .debug_line    0x00000549       0xf2 ./button.o
 .debug_line    0x0000063b       0x4b ./data_abort_test.o
 .debug_line    0x00000686      0x381 ./gestionExcepciones.o
 .debug_line    0x00000a07       0xdb ./gestorRebotes.o
 .debug_line    0x00000ae2       0xa1 ./gestorSudoku.o
 .debug_line    0x00000b83       0xa7 ./led.o
 .debug_line    0x00000c2a      0x387 ./listaCircularEstatica.o
 .debug_line    0x00000fb1      0x369 ./main.o
 .debug_line    0x0000131a      0x378 ./pilaDepuracion.o
 .debug_line    0x00001692      0x2e8 ./sudoku_2015.o
 .debug_line    0x0000197a      0x11a ./sudoku_2015_ARM-THUMB.o
 .debug_line    0x00001a94       0xf4 ./sudoku_2015_ARM.o
 .debug_line    0x00001b88      0x1b5 ./timer2.o

.debug_abbrev   0x00000000      0x846
 *(.debug_abbrev)
 .debug_abbrev  0x00000000       0x14 ./common/44binit.o
 .debug_abbrev  0x00000014      0x11f ./common/44blib.o
 .debug_abbrev  0x00000133       0xba ./8led.o
 .debug_abbrev  0x000001ed       0x91 ./button.o
 .debug_abbrev  0x0000027e       0x14 ./data_abort_test.o
 .debug_abbrev  0x00000292       0x92 ./gestionExcepciones.o
 .debug_abbrev  0x00000324       0x94 ./gestorRebotes.o
 .debug_abbrev  0x000003b8       0x7f ./gestorSudoku.o
 .debug_abbrev  0x00000437       0x7c ./led.o
 .debug_abbrev  0x000004b3       0xb5 ./listaCircularEstatica.o
 .debug_abbrev  0x00000568       0x41 ./main.o
 .debug_abbrev  0x000005a9       0x82 ./pilaDepuracion.o
 .debug_abbrev  0x0000062b      0x14a ./sudoku_2015.o
 .debug_abbrev  0x00000775       0x14 ./sudoku_2015_ARM-THUMB.o
 .debug_abbrev  0x00000789       0x14 ./sudoku_2015_ARM.o
 .debug_abbrev  0x0000079d       0xa9 ./timer2.o

.debug_frame    0x00000000      0x670
 *(.debug_frame)
 .debug_frame   0x00000000       0xd0 ./common/44blib.o
 .debug_frame   0x000000d0       0x50 ./8led.o
 .debug_frame   0x00000120       0x5c ./button.o
 .debug_frame   0x0000017c       0x80 ./gestionExcepciones.o
 .debug_frame   0x000001fc       0x7c ./gestorRebotes.o
 .debug_frame   0x00000278       0x30 ./gestorSudoku.o
 .debug_frame   0x000002a8      0x110 ./led.o
 .debug_frame   0x000003b8       0x30 ./listaCircularEstatica.o
 .debug_frame   0x000003e8       0x30 ./main.o
 .debug_frame   0x00000418       0x30 ./pilaDepuracion.o
 .debug_frame   0x00000448      0x170 ./sudoku_2015.o
 .debug_frame   0x000005b8       0x98 ./timer2.o
 .debug_frame   0x00000650       0x20 c:/program files/eclipsearm/sourcery-g++-lite-arm-2011.03/bin/../lib/gcc/arm-none-eabi/4.5.2\libgcc.a(_divsi3.o)
OUTPUT(Practica2.elf elf32-littlearm)

.debug_aranges  0x00000000      0x200
 .debug_aranges
                0x00000000       0x20 ./common/44binit.o
 .debug_aranges
                0x00000020       0x20 ./common/44blib.o
 .debug_aranges
                0x00000040       0x20 ./8led.o
 .debug_aranges
                0x00000060       0x20 ./button.o
 .debug_aranges
                0x00000080       0x20 ./data_abort_test.o
 .debug_aranges
                0x000000a0       0x20 ./gestionExcepciones.o
 .debug_aranges
                0x000000c0       0x20 ./gestorRebotes.o
 .debug_aranges
                0x000000e0       0x20 ./gestorSudoku.o
 .debug_aranges
                0x00000100       0x20 ./led.o
 .debug_aranges
                0x00000120       0x20 ./listaCircularEstatica.o
 .debug_aranges
                0x00000140       0x20 ./main.o
 .debug_aranges
                0x00000160       0x20 ./pilaDepuracion.o
 .debug_aranges
                0x00000180       0x20 ./sudoku_2015.o
 .debug_aranges
                0x000001a0       0x20 ./sudoku_2015_ARM-THUMB.o
 .debug_aranges
                0x000001c0       0x20 ./sudoku_2015_ARM.o
 .debug_aranges
                0x000001e0       0x20 ./timer2.o

.debug_macinfo  0x00000000    0x483bd
 .debug_macinfo
                0x00000000     0x8301 ./common/44blib.o
 .debug_macinfo
                0x00008301     0x50a9 ./8led.o
 .debug_macinfo
                0x0000d3aa     0x526d ./button.o
 .debug_macinfo
                0x00012617     0x93e4 ./gestionExcepciones.o
 .debug_macinfo
                0x0001b9fb     0x50c0 ./gestorRebotes.o
 .debug_macinfo
                0x00020abb     0x2120 ./gestorSudoku.o
 .debug_macinfo
                0x00022bdb     0x50a9 ./led.o
 .debug_macinfo
                0x00027c84     0x673b ./listaCircularEstatica.o
 .debug_macinfo
                0x0002e3bf     0x93e4 ./main.o
 .debug_macinfo
                0x000377a3     0x673b ./pilaDepuracion.o
 .debug_macinfo
                0x0003dede     0x3a99 ./sudoku_2015.o
 .debug_macinfo
                0x00041977     0x6a46 ./timer2.o

.debug_loc      0x00000000      0x764
 .debug_loc     0x00000000      0x108 ./common/44blib.o
 .debug_loc     0x00000108       0x58 ./8led.o
 .debug_loc     0x00000160       0x58 ./button.o
 .debug_loc     0x000001b8       0x84 ./gestionExcepciones.o
 .debug_loc     0x0000023c       0x84 ./gestorRebotes.o
 .debug_loc     0x000002c0       0x2c ./gestorSudoku.o
 .debug_loc     0x000002ec      0x160 ./led.o
 .debug_loc     0x0000044c       0x2c ./listaCircularEstatica.o
 .debug_loc     0x00000478       0x2c ./main.o
 .debug_loc     0x000004a4       0x2c ./pilaDepuracion.o
 .debug_loc     0x000004d0      0x1e4 ./sudoku_2015.o
 .debug_loc     0x000006b4       0xb0 ./timer2.o

.debug_pubnames
                0x00000000      0x503
 .debug_pubnames
                0x00000000       0x90 ./common/44blib.o
 .debug_pubnames
                0x00000090       0x3d ./8led.o
 .debug_pubnames
                0x000000cd       0x35 ./button.o
 .debug_pubnames
                0x00000102       0x56 ./gestionExcepciones.o
 .debug_pubnames
                0x00000158       0xbe ./gestorRebotes.o
 .debug_pubnames
                0x00000216       0x68 ./gestorSudoku.o
 .debug_pubnames
                0x0000027e       0x8b ./led.o
 .debug_pubnames
                0x00000309       0x2f ./listaCircularEstatica.o
 .debug_pubnames
                0x00000338       0x1b ./main.o
 .debug_pubnames
                0x00000353       0x21 ./pilaDepuracion.o
 .debug_pubnames
                0x00000374      0x121 ./sudoku_2015.o
 .debug_pubnames
                0x00000495       0x6e ./timer2.o

.debug_pubtypes
                0x00000000       0xef
 .debug_pubtypes
                0x00000000       0x12 ./common/44blib.o
 .debug_pubtypes
                0x00000012       0x1f ./gestionExcepciones.o
 .debug_pubtypes
                0x00000031       0x2c ./listaCircularEstatica.o
 .debug_pubtypes
                0x0000005d       0x12 ./main.o
 .debug_pubtypes
                0x0000006f       0x1f ./pilaDepuracion.o
 .debug_pubtypes
                0x0000008e       0x42 ./sudoku_2015.o
 .debug_pubtypes
                0x000000d0       0x1f ./timer2.o

.debug_str      0x00000000      0x6ce
 .debug_str     0x00000000      0x124 ./common/44blib.o
                                0x162 (size before relaxing)
 .debug_str     0x00000124       0x6c ./8led.o
                                 0xb0 (size before relaxing)
 .debug_str     0x00000190       0x99 ./button.o
                                 0xd0 (size before relaxing)
 .debug_str     0x00000229       0x6c ./gestionExcepciones.o
                                0x12c (size before relaxing)
 .debug_str     0x00000295       0xac ./gestorRebotes.o
                                0x141 (size before relaxing)
 .debug_str     0x00000341       0xa3 ./gestorSudoku.o
                                0x103 (size before relaxing)
 .debug_str     0x000003e4       0x68 ./led.o
                                 0x9f (size before relaxing)
 .debug_str     0x0000044c       0x65 ./listaCircularEstatica.o
                                0x135 (size before relaxing)
 .debug_str     0x000004b1        0xf ./main.o
                                 0xcf (size before relaxing)
 .debug_str     0x000004c0       0x1f ./pilaDepuracion.o
                                0x110 (size before relaxing)
 .debug_str     0x000004df      0x18c ./sudoku_2015.o
                                0x263 (size before relaxing)
 .debug_str     0x0000066b       0x63 ./timer2.o
                                0x133 (size before relaxing)
